py:0 文件:
Unicode text, UTF-8 text, with very long lines (415)
Unicode text, UTF-8 text
--- 18件逐名核验 ---
omni-exhaust-research-ops:2
skill-refresh-ops:2
k3-territory-studies:2
pangu-enforcement-bureau:3
output-verdict-gate:3
semantic-oncology-ops:2
consignment-intake-ops:2
「额度守护件」:2
skill-reinstall-ops:2
exam-isolation-ops:2
skill-dispatch-hq:3
plugin-datasource-ops:2
autonomous-advance-ops:2
cron-task-forge:2
release-gate-audit:3
autonomous-advance-protocol:2
doc-image-solver:2
coordination-letter:2
ROSTER18=1
--- 日落条款:pkg/hifi-integration-umbrella/SKILL.md:4
pkg/hifi-integration-umbrella/references/roster.md:1 引用不复制:pkg/hifi-integration-umbrella/SKILL.md:2
pkg/hifi-integration-umbrella/references/roster.md:2 UTF8提示:pkg/hifi-integration-umbrella/SKILL.md:1
pkg/hifi-integration-umbrella/references/roster.md:0 ---
--- 排除词:0 实名:0 ---
